
======================================================================
COMPREHENSIVE EXAM & CERTIFICATE SYSTEM TEST
======================================================================

TEST 1: VERIFY EXAM DATA
----------------------------------------------------------------------
py : Traceback (most recent call last):
At line:1 char:1
+ py comprehensive_test.py > test_output.txt 2>&1; cat 
test_output.txt  ...
+ ~~~~~~~~~~~~~~~~~~~~~~~~~~~~~~~~~~~~~~~~~~~~~~~
    + CategoryInfo          : NotSpecified: (Traceback (mos 
   t recent call last)::String) [], RemoteException
    + FullyQualifiedErrorId : NativeCommandError
 
  File 
"C:\python\Scripts\application\comprehensive_test.py", line 
24, in <module>
    print(f"\u2713 Total Exams: {exams.count()}")
    ~~~~~^^^^^^^^^^^^^^^^^^^^^^^^^^^^^^^^^^^
  File 
"C:\python\Lib\site-packages\colorama\ansitowin32.py", line 
47, in write
    self.__convertor.write(text)
    ~~~~~~~~~~~~~~~~~~~~~~^^^^^^
  File 
"C:\python\Lib\site-packages\colorama\ansitowin32.py", line 
177, in write
    self.write_and_convert(text)
    ~~~~~~~~~~~~~~~~~~~~~~^^^^^^
  File 
"C:\python\Lib\site-packages\colorama\ansitowin32.py", line 
205, in write_and_convert
    self.write_plain_text(text, cursor, len(text))
    ~~~~~~~~~~~~~~~~~~~~~^^^^^^^^^^^^^^^^^^^^^^^^^
  File 
"C:\python\Lib\site-packages\colorama\ansitowin32.py", line 
210, in write_plain_text
    self.wrapped.write(text[start:end])
    ~~~~~~~~~~~~~~~~~~^^^^^^^^^^^^^^^^^
  File "C:\python\Lib\encodings\cp1252.py", line 19, in 
encode
    return 
codecs.charmap_encode(input,self.errors,encoding_table)[0]
           
~~~~~~~~~~~~~~~~~~~~~^^^^^^^^^^^^^^^^^^^^^^^^^^^^^^^^^^
UnicodeEncodeError: 'charmap' codec can't encode character 
'\u2713' in position 0: character maps to <undefined>
